// Jest Snapshot v1, https://goo.gl/fbAQLP

exports[`Snapshot component testing header component 1`] = `<div />`;
